[25-Apr-2025 20:14:25] NOTICE: fpm is running, pid 22936
[25-Apr-2025 20:14:25] NOTICE: ready to handle connections
[25-Apr-2025 20:44:41] NOTICE: Terminating ...
[25-Apr-2025 20:44:41] NOTICE: Terminating ...
[25-Apr-2025 20:44:41] NOTICE: exiting, bye-bye!
[25-Apr-2025 20:44:42] NOTICE: fpm is running, pid 23651
[25-Apr-2025 20:44:42] NOTICE: ready to handle connections
[25-Apr-2025 20:57:08] NOTICE: Terminating ...
[25-Apr-2025 20:57:08] NOTICE: Terminating ...
[25-Apr-2025 20:57:08] NOTICE: exiting, bye-bye!
[25-Apr-2025 20:57:08] NOTICE: fpm is running, pid 23842
[25-Apr-2025 20:57:08] NOTICE: ready to handle connections
[25-Apr-2025 21:04:28] NOTICE: Terminating ...
[25-Apr-2025 21:04:28] NOTICE: Terminating ...
[25-Apr-2025 21:04:28] NOTICE: exiting, bye-bye!
[25-Apr-2025 21:04:29] NOTICE: fpm is running, pid 23918
[25-Apr-2025 21:04:29] NOTICE: ready to handle connections
[25-Apr-2025 21:06:06] NOTICE: Terminating ...
[25-Apr-2025 21:06:06] NOTICE: Terminating ...
[25-Apr-2025 21:06:06] NOTICE: exiting, bye-bye!
[25-Apr-2025 21:06:06] NOTICE: fpm is running, pid 23982
[25-Apr-2025 21:06:06] NOTICE: ready to handle connections
[25-Apr-2025 21:08:14] NOTICE: Terminating ...
[25-Apr-2025 21:08:14] NOTICE: Terminating ...
[25-Apr-2025 21:08:14] NOTICE: exiting, bye-bye!
[25-Apr-2025 21:08:15] NOTICE: fpm is running, pid 24048
[25-Apr-2025 21:08:15] NOTICE: ready to handle connections
[25-Apr-2025 21:14:03] NOTICE: Terminating ...
[25-Apr-2025 21:14:03] NOTICE: Terminating ...
[25-Apr-2025 21:14:03] NOTICE: exiting, bye-bye!
[25-Apr-2025 21:14:03] NOTICE: fpm is running, pid 24130
[25-Apr-2025 21:14:03] NOTICE: ready to handle connections
[25-Apr-2025 21:16:36] NOTICE: Terminating ...
[25-Apr-2025 21:16:36] NOTICE: Terminating ...
[25-Apr-2025 21:16:36] NOTICE: exiting, bye-bye!
[25-Apr-2025 21:16:37] NOTICE: fpm is running, pid 24192
[25-Apr-2025 21:16:37] NOTICE: ready to handle connections
[25-Apr-2025 21:26:29] NOTICE: Terminating ...
[25-Apr-2025 21:26:29] NOTICE: Terminating ...
[25-Apr-2025 21:26:29] NOTICE: exiting, bye-bye!
[25-Apr-2025 21:26:30] NOTICE: fpm is running, pid 24335
[25-Apr-2025 21:26:30] NOTICE: ready to handle connections
[25-Apr-2025 21:36:35] NOTICE: Terminating ...
[25-Apr-2025 21:36:35] NOTICE: Terminating ...
[25-Apr-2025 21:36:35] NOTICE: exiting, bye-bye!
[25-Apr-2025 21:36:36] NOTICE: fpm is running, pid 24457
[25-Apr-2025 21:36:36] NOTICE: ready to handle connections
[25-Apr-2025 21:39:45] NOTICE: Terminating ...
[25-Apr-2025 21:39:45] NOTICE: Terminating ...
[25-Apr-2025 21:39:45] NOTICE: exiting, bye-bye!
[25-Apr-2025 21:39:45] NOTICE: fpm is running, pid 24510
[25-Apr-2025 21:39:45] NOTICE: ready to handle connections
[25-Apr-2025 21:41:09] NOTICE: Terminating ...
[25-Apr-2025 21:41:09] NOTICE: Terminating ...
[25-Apr-2025 21:41:09] NOTICE: exiting, bye-bye!
[25-Apr-2025 21:41:09] NOTICE: fpm is running, pid 24574
[25-Apr-2025 21:41:09] NOTICE: ready to handle connections
[25-Apr-2025 21:54:41] NOTICE: Terminating ...
[25-Apr-2025 21:54:41] NOTICE: Terminating ...
[25-Apr-2025 21:54:41] NOTICE: exiting, bye-bye!
[25-Apr-2025 21:54:42] NOTICE: fpm is running, pid 24699
[25-Apr-2025 21:54:42] NOTICE: ready to handle connections
[25-Apr-2025 21:57:26] NOTICE: Terminating ...
[25-Apr-2025 21:57:26] NOTICE: Terminating ...
[25-Apr-2025 21:57:26] NOTICE: exiting, bye-bye!
[25-Apr-2025 21:57:27] NOTICE: fpm is running, pid 24768
[25-Apr-2025 21:57:27] NOTICE: ready to handle connections
[25-Apr-2025 22:16:30] NOTICE: Terminating ...
[25-Apr-2025 22:16:30] NOTICE: Terminating ...
[25-Apr-2025 22:16:30] NOTICE: exiting, bye-bye!
[25-Apr-2025 22:16:30] NOTICE: fpm is running, pid 25021
[25-Apr-2025 22:16:30] NOTICE: ready to handle connections
[25-Apr-2025 22:26:58] NOTICE: Terminating ...
[25-Apr-2025 22:26:58] NOTICE: Terminating ...
[25-Apr-2025 22:26:58] NOTICE: exiting, bye-bye!
[25-Apr-2025 22:26:59] NOTICE: fpm is running, pid 25250
[25-Apr-2025 22:26:59] NOTICE: ready to handle connections
[26-Apr-2025 10:59:58] NOTICE: Terminating ...
[26-Apr-2025 10:59:58] NOTICE: Terminating ...
[26-Apr-2025 10:59:58] NOTICE: exiting, bye-bye!
[26-Apr-2025 10:59:59] NOTICE: fpm is running, pid 26910
[26-Apr-2025 10:59:59] NOTICE: ready to handle connections
[26-Apr-2025 11:06:10] NOTICE: Terminating ...
[26-Apr-2025 11:06:10] NOTICE: Terminating ...
[26-Apr-2025 11:06:10] NOTICE: exiting, bye-bye!
[26-Apr-2025 11:06:11] NOTICE: fpm is running, pid 26988
[26-Apr-2025 11:06:11] NOTICE: ready to handle connections
[26-Apr-2025 11:07:49] NOTICE: Terminating ...
[26-Apr-2025 11:07:49] NOTICE: Terminating ...
[26-Apr-2025 11:07:49] NOTICE: exiting, bye-bye!
[26-Apr-2025 11:07:50] NOTICE: fpm is running, pid 27040
[26-Apr-2025 11:07:50] NOTICE: ready to handle connections
[26-Apr-2025 11:27:04] NOTICE: Terminating ...
[26-Apr-2025 11:27:04] NOTICE: Terminating ...
[26-Apr-2025 11:27:04] NOTICE: exiting, bye-bye!
[26-Apr-2025 11:27:04] NOTICE: fpm is running, pid 27920
[26-Apr-2025 11:27:04] NOTICE: ready to handle connections
[26-Apr-2025 11:29:30] NOTICE: Terminating ...
[26-Apr-2025 11:29:30] NOTICE: Terminating ...
[26-Apr-2025 11:29:30] NOTICE: exiting, bye-bye!
[26-Apr-2025 11:29:30] NOTICE: fpm is running, pid 27976
[26-Apr-2025 11:29:30] NOTICE: ready to handle connections
[26-Apr-2025 11:30:33] NOTICE: Terminating ...
[26-Apr-2025 11:30:33] NOTICE: Terminating ...
[26-Apr-2025 11:30:33] NOTICE: exiting, bye-bye!
[26-Apr-2025 11:30:33] NOTICE: fpm is running, pid 28063
[26-Apr-2025 11:30:33] NOTICE: ready to handle connections
[26-Apr-2025 11:34:04] NOTICE: Terminating ...
[26-Apr-2025 11:34:04] NOTICE: Terminating ...
[26-Apr-2025 11:34:04] NOTICE: exiting, bye-bye!
[26-Apr-2025 11:34:05] NOTICE: fpm is running, pid 28150
[26-Apr-2025 11:34:05] NOTICE: ready to handle connections
[26-Apr-2025 18:28:26] NOTICE: Terminating ...
[26-Apr-2025 18:28:26] NOTICE: Terminating ...
[26-Apr-2025 18:28:26] NOTICE: exiting, bye-bye!
[26-Apr-2025 18:28:27] NOTICE: fpm is running, pid 34470
[26-Apr-2025 18:28:27] NOTICE: ready to handle connections
[26-Apr-2025 20:16:50] NOTICE: fpm is running, pid 975
[26-Apr-2025 20:16:50] NOTICE: ready to handle connections
[26-Apr-2025 20:17:50] NOTICE: Terminating ...
[26-Apr-2025 20:17:50] NOTICE: Terminating ...
[26-Apr-2025 20:17:50] NOTICE: exiting, bye-bye!
[26-Apr-2025 20:17:51] NOTICE: fpm is running, pid 1288
[26-Apr-2025 20:17:51] NOTICE: ready to handle connections
[26-Apr-2025 20:17:54] NOTICE: Terminating ...
[26-Apr-2025 20:17:54] NOTICE: Terminating ...
[26-Apr-2025 20:17:54] NOTICE: exiting, bye-bye!
[26-Apr-2025 20:17:54] NOTICE: fpm is running, pid 1332
[26-Apr-2025 20:17:54] NOTICE: ready to handle connections
[26-Apr-2025 20:20:14] NOTICE: Terminating ...
[26-Apr-2025 20:20:14] NOTICE: Terminating ...
[26-Apr-2025 20:20:14] NOTICE: exiting, bye-bye!
[26-Apr-2025 20:20:31] NOTICE: fpm is running, pid 1512
[26-Apr-2025 20:20:31] NOTICE: ready to handle connections
[29-Apr-2025 21:53:59] NOTICE: Terminating ...
[29-Apr-2025 21:53:59] NOTICE: Terminating ...
[29-Apr-2025 21:53:59] NOTICE: exiting, bye-bye!
[29-Apr-2025 22:14:23] NOTICE: fpm is running, pid 6061
[29-Apr-2025 22:14:23] NOTICE: ready to handle connections
[02-May-2025 13:20:40] NOTICE: Terminating ...
[02-May-2025 13:20:40] NOTICE: Terminating ...
[02-May-2025 13:20:40] NOTICE: exiting, bye-bye!
[02-May-2025 13:20:41] NOTICE: fpm is running, pid 16910
[02-May-2025 13:20:41] NOTICE: ready to handle connections
[02-May-2025 13:33:41] NOTICE: Terminating ...
[02-May-2025 13:33:41] NOTICE: Terminating ...
[02-May-2025 13:33:41] NOTICE: exiting, bye-bye!
[02-May-2025 13:33:41] NOTICE: fpm is running, pid 17114
[02-May-2025 13:33:41] NOTICE: ready to handle connections
[02-May-2025 13:36:43] NOTICE: Terminating ...
[02-May-2025 13:36:43] NOTICE: Terminating ...
[02-May-2025 13:36:43] NOTICE: exiting, bye-bye!
[02-May-2025 13:36:44] NOTICE: fpm is running, pid 17200
[02-May-2025 13:36:44] NOTICE: ready to handle connections
[02-May-2025 15:26:40] NOTICE: Terminating ...
[02-May-2025 15:26:40] NOTICE: Terminating ...
[02-May-2025 15:26:40] NOTICE: exiting, bye-bye!
[02-May-2025 15:26:40] NOTICE: fpm is running, pid 17708
[02-May-2025 15:26:40] NOTICE: ready to handle connections
[02-May-2025 16:09:24] NOTICE: Terminating ...
[02-May-2025 16:09:24] NOTICE: Terminating ...
[02-May-2025 16:09:24] NOTICE: exiting, bye-bye!
[02-May-2025 16:09:25] NOTICE: fpm is running, pid 18003
[02-May-2025 16:09:25] NOTICE: ready to handle connections
[02-May-2025 16:11:43] NOTICE: Terminating ...
[02-May-2025 16:11:43] NOTICE: Terminating ...
[02-May-2025 16:11:43] NOTICE: exiting, bye-bye!
[02-May-2025 16:11:43] NOTICE: fpm is running, pid 18115
[02-May-2025 16:11:43] NOTICE: ready to handle connections
[02-May-2025 16:12:05] NOTICE: Terminating ...
[02-May-2025 16:12:05] NOTICE: Terminating ...
[02-May-2025 16:12:05] NOTICE: exiting, bye-bye!
[02-May-2025 16:12:06] NOTICE: fpm is running, pid 18226
[02-May-2025 16:12:06] NOTICE: ready to handle connections
[02-May-2025 16:12:50] NOTICE: Terminating ...
[02-May-2025 16:12:50] NOTICE: Terminating ...
[02-May-2025 16:12:50] NOTICE: exiting, bye-bye!
[02-May-2025 16:12:51] NOTICE: fpm is running, pid 18318
[02-May-2025 16:12:51] NOTICE: ready to handle connections
[02-May-2025 16:13:06] NOTICE: Terminating ...
[02-May-2025 16:13:06] NOTICE: Terminating ...
[02-May-2025 16:13:06] NOTICE: exiting, bye-bye!
[02-May-2025 16:13:07] NOTICE: fpm is running, pid 18413
[02-May-2025 16:13:07] NOTICE: ready to handle connections
[02-May-2025 16:19:55] NOTICE: Terminating ...
[02-May-2025 16:19:55] NOTICE: Terminating ...
[02-May-2025 16:19:55] NOTICE: exiting, bye-bye!
[02-May-2025 16:19:55] NOTICE: fpm is running, pid 18666
[02-May-2025 16:19:55] NOTICE: ready to handle connections
[02-May-2025 16:49:17] NOTICE: Terminating ...
[02-May-2025 16:49:17] NOTICE: Terminating ...
[02-May-2025 16:49:17] NOTICE: exiting, bye-bye!
[02-May-2025 16:49:17] NOTICE: fpm is running, pid 18879
[02-May-2025 16:49:17] NOTICE: ready to handle connections
[03-May-2025 14:02:52] NOTICE: Terminating ...
[03-May-2025 14:02:52] NOTICE: Terminating ...
[03-May-2025 14:02:52] NOTICE: exiting, bye-bye!
[03-May-2025 14:02:53] NOTICE: fpm is running, pid 20627
[03-May-2025 14:02:53] NOTICE: ready to handle connections
[08-May-2025 13:45:01] NOTICE: Terminating ...
[08-May-2025 13:45:01] NOTICE: Terminating ...
[08-May-2025 13:45:01] NOTICE: exiting, bye-bye!
[08-May-2025 21:34:59] NOTICE: fpm is running, pid 39243
[08-May-2025 21:34:59] NOTICE: ready to handle connections
